538.948000 
599.192000 
582.277000 
524.866000 
581.277000 
12.540000 
13.666000 
14.416000 
64.118000 
29.414000 
12.999000 
7.083000 
11.540000 
52.786000 
37.163000 
14.374000 
17.123000 
8.540000 
37.038000 
7.500000 
35.830000 
5.458000 
7.791000 
38.413000 
18.332000 
13.499000 
10.124000 
6.749000 
8.624000 
12.624000 
7.541000 
12.165000 
7.416000 
8.958000 
34.788000 
26.831000 
5.124000 
7.874000 
8.083000 
34.913000 
10.957000 
23.623000 
5.125000 
9.916000 
11.499000 
10.666000 
20.123000 
4.832000 
7.958000 
7.041000 
7.374000 
7.208000 
6.916000 
7.124000 
30.206000 
4.624000 
7.041000 
7.082000 
24.039000 
4.541000 
6.583000 
6.916000 
6.958000 
6.916000 
6.958000 
10.708000 
11.748000 
31.122000 
4.499000 
10.082000 
10.582000 
7.541000 
38.996000 
10.915000 
7.249000 
37.163000 
9.250000 
17.498000 
4.542000 
7.249000 
6.624000 
41.621000 
9.499000 
9.499000 
5.625000 
7.499000 
14.415000 
4.957000 
27.830000 
13.832000 
14.749000 
14.624000 
5.500000 
20.124000 
4.500000 
15.915000 
4.541000 
7.041000 
59.827000 
9.874000 
7.083000 
7.999000 
7.707000 
6.999000 
7.207000 
6.875000 
7.124000 
6.708000 
7.416000 
6.624000 
7.500000 
10.707000 
21.581000 
4.666000 
6.875000 
7.124000 
23.998000 
4.666000 
6.708000 
25.164000 
12.332000 
5.999000 
8.416000 
7.125000 
7.250000 
83.950000 
10.582000 
6.957000 
10.999000 
9.374000 
12.332000 
5.750000 
8.249000 
6.041000 
32.872000 
7.208000 
28.830000 
8.832000 
22.498000 
25.206000 
4.541000 
83.950000 
8.832000 
6.832000 
7.333000 
12.624000 
12.124000 
9.582000 
10.583000 
7.708000 
11.707000 
9.541000 
11.249000 
10.499000 
10.666000 
9.999000 
136.736000 
11.874000 
11.791000 
10.416000 
10.666000 
13.748000 
11.665000 
10.416000 
10.541000 
19.123000 
14.582000 
9.332000 
9.165000 
9.374000 
9.583000 
11.290000 
10.416000 
9.374000 
9.999000 
5.916000 
8.999000 
7.375000 
7.249000 
6.916000 
6.166000 
5.333000 
5.583000 
5.416000 
93.491000 
12.165000 
10.624000 
5.666000 
9.083000 
7.666000 
7.333000 
5.833000 
6.708000 
5.416000 
5.374000 
5.166000 
5.041000 
5.041000 
4.750000 
5.041000 
5.041000 
4.875000 
10.583000 
32.664000 
7.749000 
5.250000 
4.958000 
4.958000 
9.249000 
10.874000 
172.525000 
193.940000 
64.368000 
39.372000 
8.749000 
8.499000 
11.583000 
5.375000 
4.916000 
8.708000 
5.124000 
11.624000 
7.874000 
8.582000 
49.495000 
8.749000 
8.958000 
5.416000 
8.332000 
8.124000 
5.000000 
58.869000 
8.125000 
4.583000 
5.000000 
12.624000 
5.083000 
8.957000 
22.039000 
4.667000 
5.292000 
7.832000 
9.208000 
8.707000 
5.083000 
8.708000 
8.749000 
56.203000 
18.123000 
9.457000 
9.541000 
5.375000 
4.791000 
9.916000 
5.958000 
4.708000 
9.000000 
9.124000 
4.832000 
9.082000 
9.249000 
8.916000 
12.707000 
10.624000 
9.166000 
6.332000 
12.415000 
9.291000 
5.250000 
4.833000 
10.333000 
9.083000 
4.999000 
61.536000 
4.583000 
14.332000 
10.499000 
10.083000 
10.166000 
9.749000 
7.541000 
9.291000 
10.041000 
9.415000 
9.624000 
9.249000 
48.245000 
10.124000 
8.957000 
11.041000 
4.832000 
9.125000 
5.083000 
9.082000 
4.666000 
8.874000 
8.500000 
8.750000 
5.666000 
4.833000 
5.249000 
10.083000 
8.708000 
4.624000 
5.124000 
8.457000 
5.458000 
9.165000 
5.333000 
9.249000 
8.291000 
5.208000 
7.083000 
5.125000 
5.541000 
7.083000 
5.666000 
28.248000 
5.916000 
6.166000 
7.083000 
255.767000 
5.457000 
16.540000 
5.916000 
5.291000 
5.250000 
5.375000 
63.369000 
9.207000 
13.874000 
9.749000 
8.916000 
8.207000 
9.375000 
9.790000 
9.249000 
8.999000 
7.666000 
12.249000 
9.249000 
12.041000 
8.874000 
9.207000 
8.833000 
8.624000 
8.291000 
8.374000 
14.291000 
5.166000 
10.957000 
6.124000 
12.332000 
8.999000 
6.749000 
6.124000 
9.166000 
40.497000 
5.124000 
9.416000 
9.374000 
6.957000 
9.041000 
6.124000 
5.374000 
8.499000 
5.208000 
5.041000 
7.083000 
9.582000 
5.708000 
9.041000 
44.663000 
6.124000 
5.541000 
9.041000 
9.040000 
4.958000 
10.291000 
4.999000 
8.374000 
5.332000 
78.784000 
10.541000 
9.208000 
9.249000 
35.538000 
47.496000 
8.832000 
23.582000 
249.434000 
22.540000 
12.124000 
8.708000 
8.249000 
9.541000 
5.624000 
10.541000 
8.665000 
8.708000 
5.125000 
9.707000 
8.333000 
8.083000 
33.038000 
8.207000 
32.871000 
8.291000 
8.291000 
7.999000 
31.413000 
7.958000 
8.541000 
5.041000 
8.291000 
8.666000 
12.415000 
13.165000 
6.333000 
9.540000 
9.916000 
5.458000 
8.583000 
8.624000 
8.457000 
4.457000 
5.166000 
8.832000 
8.957000 
8.291000 
5.000000 
12.207000 
8.666000 
9.083000 
8.040000 
4.541000 
8.624000 
5.041000 
8.207000 
9.208000 
8.207000 
10.374000 
9.832000 
35.288000 
13.082000 
5.791000 
5.874000 
14.249000 
9.999000 
9.332000 
9.791000 
10.124000 
9.833000 
67.535000 
12.999000 
9.291000 
9.916000 
9.499000 
9.041000 
5.458000 
11.166000 
9.249000 
9.458000 
9.374000 
9.290000 
9.957000 
9.083000 
10.999000 
9.374000 
9.999000 
8.915000 
27.872000 
6.707000 
10.249000 
9.124000 
9.749000 
9.082000 
34.955000 
14.541000 
9.791000 
82.242000 
9.624000 
12.040000 
9.791000 
9.457000 
59.286000 
9.040000 
5.833000 
8.791000 
9.041000 
54.578000 
15.457000 
8.832000 
8.749000 
9.832000 
8.666000 
8.958000 
50.245000 
9.832000 
8.874000 
8.833000 
11.666000 
8.874000 
8.833000 
8.999000 
5.916000 
9.000000 
5.708000 
16.957000 
26.873000 
9.874000 
9.082000 
8.457000 
9.499000 
5.374000 
7.624000 
10.749000 
9.374000 
8.832000 
8.416000 
8.582000 
8.416000 
8.832000 
8.541000 
8.583000 
8.500000 
9.832000 
8.499000 
8.499000 
8.457000 
8.624000 
8.374000 
8.624000 
8.416000 
10.208000 
8.624000 
8.374000 
8.415000 
9.624000 
8.416000 
9.999000 
8.582000 
8.624000 
8.500000 
8.416000 
8.833000 
8.540000 
8.416000 
8.457000 
9.999000 
53.662000 
9.041000 
9.124000 
9.124000 
9.291000 
25.622000 
37.872000 
8.874000 
9.166000 
9.249000 
9.249000 
9.833000 
10.249000 
8.790000 
8.666000 
9.083000 
9.458000 
9.124000 
10.332000 
10.832000 
9.166000 
9.333000 
8.791000 
9.332000 
8.957000 
9.291000 
8.916000 
9.207000 
10.415000 
10.666000 
8.832000 
7.666000 
9.082000 
8.624000 
815.546000 
9.458000 
8.915000 
8.750000 
6.000000 
9.250000 
5.583000 
6.250000 
5.166000 
8.624000 
9.249000 
5.625000 
13.165000 
10.124000 
8.957000 
9.083000 
6.291000 
9.750000 
4.833000 
8.499000 
8.332000 
9.083000 
8.207000 
8.249000 
8.790000 
8.500000 
30.164000 
8.666000 
4.958000 
387.171000 
10.749000 
7.124000 
8.957000 
8.833000 
9.416000 
9.249000 
8.916000 
8.875000 
8.791000 
8.707000 
30.872000 
8.874000 
9.374000 
8.457000 
8.749000 
8.416000 
8.332000 
9.124000 
7.791000 
8.332000 
8.166000 
11.999000 
8.165000 
8.458000 
8.207000 
8.083000 
8.041000 
8.499000 
8.458000 
4.999000 
5.458000 
6.583000 
5.916000 
8.291000 
4.958000 
7.874000 
7.875000 
8.208000 
7.916000 
40.746000 
15.540000 
8.291000 
8.207000 
11.082000 
9.041000 
8.041000 
8.999000 
8.124000 
39.080000 
8.249000 
8.249000 
11.415000 
9.874000 
8.874000 
5.125000 
7.166000 
15.457000 
11.165000 
11.707000 
9.124000 
4.957000 
11.541000 
9.208000 
8.582000 
8.582000 
8.707000 
8.583000 
8.500000 
4.999000 
8.874000 
40.954000 
4.708000 
9.666000 
5.625000 
22.707000 
12.207000 
6.291000 
11.915000 
9.041000 
8.749000 
11.832000 
26.247000 
4.749000 
5.708000 
8.999000 
8.833000 
8.999000 
33.330000 
8.583000 
36.747000 
5.416000 
8.916000 
31.789000 
28.914000 
56.537000 
5.750000 
9.332000 
30.039000 
5.749000 
9.166000 
21.332000 
8.874000 
9.041000 
20.248000 
9.249000 
5.791000 
4.625000 
16.706000 
9.041000 
5.541000 
8.708000 
17.165000 
8.958000 
19.706000 
8.833000 
29.539000 
5.458000 
8.957000 
9.207000 
12.040000 
31.705000 
10.040000 
9.207000 
8.832000 
5.874000 
9.082000 
5.666000 
8.957000 
17.123000 
8.707000 
5.583000 
33.247000 
8.791000 
33.872000 
33.372000 
66.535000 
11.457000 
9.041000 
9.166000 
9.166000 
5.542000 
5.833000 
9.208000 
33.288000 
8.624000 
5.583000 
32.456000 
20.748000 
11.624000 
5.791000 
8.625000 
5.583000 
9.333000 
8.916000 
10.124000 
6.124000 
5.292000 
9.457000 
8.999000 
9.083000 
8.624000 
4.791000 
10.832000 
8.999000 
5.457000 
8.791000 
8.750000 
5.291000 
127.613000 
9.582000 
5.625000 
8.416000 
8.749000 
5.207000 
7.957000 
13.791000 
5.208000 
27.164000 
12.707000 
12.707000 
14.415000 
9.915000 
5.291000 
48.703000 
6.500000 
24.331000 
10.207000 
4.875000 
14.540000 
6.582000 
17.248000 
5.624000 
38.246000 
8.791000 
5.458000 
33.163000 
8.666000 
5.625000 
10.832000 
9.750000 
5.417000 
77.367000 
12.665000 
10.749000 
18.665000 
9.791000 
10.332000 
6.166000 
25.039000 
53.328000 
9.499000 
9.749000 
10.999000 
9.416000 
23.539000 
22.748000 
7.041000 
5.167000 
31.539000 
5.125000 
27.248000 
9.208000 
8.374000 
4.957000 
4.667000 
33.539000 
5.042000 
9.749000 
5.166000 
4.833000 
9.374000 
27.289000 
5.208000 
9.458000 
26.206000 
5.041000 
43.745000 
5.082000 
9.541000 
35.497000 
5.125000 
5.416000 
9.374000 
5.000000 
30.497000 
5.207000 
9.207000 
5.124000 
8.624000 
4.999000 
8.457000 
5.000000 
5.125000 
4.957000 
5.041000 
22.706000 
5.083000 
5.166000 
5.875000 
109.490000 
8.332000 
30.872000 
4.333000 
5.124000 
37.413000 
6.458000 
9.000000 
5.042000 
5.082000 
5.041000 
5.250000 
8.082000 
19.248000 
31.289000 
5.166000 
4.874000 
8.749000 
4.916000 
14.290000 
9.374000 
8.665000 
8.166000 
9.708000 
70.368000 
428.334000 
6.458000 
15.207000 
11.832000 
9.749000 
9.457000 
9.082000 
37.830000 
11.165000 
6.041000 
22.956000 
85.284000 
10.749000 
5.499000 
41.454000 
5.333000 
5.208000 
5.125000 
5.042000 
5.167000 
5.000000 
8.625000 
9.707000 
5.541000 
10.124000 
8.708000 
8.499000 
5.250000 
5.416000 
7.916000 
5.083000 
8.958000 
45.204000 
7.583000 
30.206000 
5.249000 
5.417000 
8.749000 
15.040000 
48.828000 
9.624000 
35.955000 
126.946000 
8.832000 
5.458000 
5.249000 
4.833000 
4.874000 
8.582000 
5.167000 
43.954000 
4.749000 
22.956000 
9.041000 
10.416000 
62.369000 
5.791000 
36.871000 
88.159000 
6.833000 
13.666000 
9.583000 
8.374000 
5.416000 
28.830000 
5.249000 
27.373000 
10.332000 
5.333000 
52.704000 
8.458000 
5.917000 
5.458000 
5.832000 
9.707000 
9.582000 
5.083000 
11.957000 
4.833000 
29.123000 
8.332000 
8.624000 
8.291000 
4.791000 
7.749000 
4.791000 
8.499000 
4.791000 
34.538000 
11.749000 
13.624000 
5.374000 
7.541000 
5.958000 
9.333000 
5.458000 
26.415000 
8.166000 
12.416000 
7.916000 
43.330000 
10.999000 
