\BOOKMARK [0][-]{chapter.1}{\376\377\004\041\004\102\004\100\004\103\004\072\004\102\004\103\004\100\004\113}{}% 1
\BOOKMARK [1][-]{section.1.1}{\376\377\000F\000I\000L\000E\000\040\004\070\000\040\004\101\004\102\004\100\004\103\004\072\004\102\004\103\004\100\004\060\000\040\000\137\000I\000O\000\137\000F\000I\000L\000E}{chapter.1}% 2
\BOOKMARK [1][-]{section.1.2}{\376\377\004\041\004\102\004\100\004\103\004\072\004\102\004\103\004\100\004\060\000\040\000s\000t\000a\000t}{chapter.1}% 3
\BOOKMARK [0][-]{chapter.2}{\376\377\004\037\004\100\004\076\004\063\004\100\004\060\004\074\004\074\004\060\000\040\041\026\0001}{}% 4
\BOOKMARK [1][-]{section.2.1}{\376\377\004\032\004\076\004\064\000\040\004\077\004\100\004\076\004\063\004\100\004\060\004\074\004\074\004\113}{chapter.2}% 5
\BOOKMARK [1][-]{section.2.2}{\376\377\004\040\004\065\004\067\004\103\004\073\004\114\004\102\004\060\004\102\000\040\004\100\004\060\004\061\004\076\004\102\004\113\000\040\004\077\004\100\004\076\004\063\004\100\004\060\004\074\004\074\004\113}{chapter.2}% 6
\BOOKMARK [1][-]{section.2.3}{\376\377\004\020\004\075\004\060\004\073\004\070\004\067\000\040\004\100\004\060\004\061\004\076\004\102\004\113\000\040\004\077\004\100\004\076\004\063\004\100\004\060\004\074\004\074\004\113}{chapter.2}% 7
\BOOKMARK [1][-]{section.2.4}{\376\377\004\041\004\105\004\065\004\074\004\060\000\040\004\101\004\062\004\117\004\067\004\070\000\040\004\101\004\102\004\100\004\103\004\072\004\102\004\103\004\100}{chapter.2}% 8
\BOOKMARK [0][-]{chapter.3}{\376\377\004\037\004\100\004\076\004\063\004\100\004\060\004\074\004\074\004\060\000\040\041\026\0002}{}% 9
\BOOKMARK [1][-]{section.3.1}{\376\377\004\036\004\064\004\075\004\076\004\077\004\076\004\102\004\076\004\107\004\075\004\113\004\071\000\040\004\062\004\060\004\100\004\070\004\060\004\075\004\102\000\040\004\077\004\100\004\076\004\063\004\100\004\060\004\074\004\074\004\113}{chapter.3}% 10
\BOOKMARK [2][-]{subsection.3.1.1}{\376\377\004\032\004\076\004\064\000\040\004\077\004\100\004\076\004\063\004\100\004\060\004\074\004\074\004\113}{section.3.1}% 11
\BOOKMARK [2][-]{subsection.3.1.2}{\376\377\004\040\004\065\004\067\004\103\004\073\004\114\004\102\004\060\004\102\000\040\004\100\004\060\004\061\004\076\004\102\004\113\000\040\004\077\004\100\004\076\004\063\004\100\004\060\004\074\004\074\004\113}{section.3.1}% 12
\BOOKMARK [2][-]{subsection.3.1.3}{\376\377\004\020\004\075\004\060\004\073\004\070\004\067\000\040\004\100\004\060\004\061\004\076\004\102\004\113\000\040\004\077\004\100\004\076\004\063\004\100\004\060\004\074\004\074\004\113}{section.3.1}% 13
\BOOKMARK [1][-]{section.3.2}{\376\377\004\022\004\060\004\100\004\070\004\060\004\075\004\102\000\040\004\077\004\100\004\076\004\063\004\100\004\060\004\074\004\074\004\113\000\040\004\101\000\040\0001\000\040\004\064\004\076\004\077\004\076\004\073\004\075\004\070\004\102\004\065\004\073\004\114\004\075\004\113\004\074\000\040\004\077\004\076\004\102\004\076\004\072\004\076\004\074}{chapter.3}% 14
\BOOKMARK [2][-]{subsection.3.2.1}{\376\377\004\032\004\076\004\064\000\040\004\077\004\100\004\076\004\063\004\100\004\060\004\074\004\074\004\113}{section.3.2}% 15
\BOOKMARK [2][-]{subsection.3.2.2}{\376\377\004\040\004\065\004\067\004\103\004\073\004\114\004\102\004\060\004\102\000\040\004\100\004\060\004\061\004\076\004\102\004\113\000\040\004\077\004\100\004\076\004\063\004\100\004\060\004\074\004\074\004\113}{section.3.2}% 16
\BOOKMARK [2][-]{subsection.3.2.3}{\376\377\004\020\004\075\004\060\004\073\004\070\004\067\000\040\004\100\004\060\004\061\004\076\004\102\004\113\000\040\004\077\004\100\004\076\004\063\004\100\004\060\004\074\004\074\004\113}{section.3.2}% 17
\BOOKMARK [1][-]{section.3.3}{\376\377\004\022\004\060\004\100\004\070\004\060\004\075\004\102\000\040\004\077\004\100\004\076\004\063\004\100\004\060\004\074\004\074\004\113\000\040\004\101\000\040\0002\000\040\004\064\004\076\004\077\004\076\004\073\004\075\004\070\004\102\004\065\004\073\004\114\004\075\004\113\004\074\004\070\000\040\004\077\004\076\004\102\004\076\004\072\004\060\004\074\004\070}{chapter.3}% 18
\BOOKMARK [2][-]{subsection.3.3.1}{\376\377\004\032\004\076\004\064\000\040\004\077\004\100\004\076\004\063\004\100\004\060\004\074\004\074\004\113}{section.3.3}% 19
\BOOKMARK [2][-]{subsection.3.3.2}{\376\377\004\040\004\065\004\067\004\103\004\073\004\114\004\102\004\060\004\102\000\040\004\100\004\060\004\061\004\076\004\102\004\113\000\040\004\077\004\100\004\076\004\063\004\100\004\060\004\074\004\074\004\113}{section.3.3}% 20
\BOOKMARK [2][-]{subsection.3.3.3}{\376\377\004\020\004\075\004\060\004\073\004\070\004\067\000\040\004\100\004\060\004\061\004\076\004\102\004\113\000\040\004\077\004\100\004\076\004\063\004\100\004\060\004\074\004\074\004\113}{section.3.3}% 21
\BOOKMARK [1][-]{section.3.4}{\376\377\004\041\004\105\004\065\004\074\004\060\000\040\004\101\004\062\004\117\004\067\004\070\000\040\004\101\004\102\004\100\004\103\004\072\004\102\004\103\004\100}{chapter.3}% 22
\BOOKMARK [0][-]{chapter.4}{\376\377\004\037\004\100\004\076\004\063\004\100\004\060\004\074\004\074\004\060\000\040\041\026\0003}{}% 23
\BOOKMARK [1][-]{section.4.1}{\376\377\004\022\004\060\004\100\004\070\004\060\004\075\004\102\000\040\004\077\004\100\004\076\004\063\004\100\004\060\004\074\004\074\004\113\000\040\004\101\000\040\000o\000p\000e\000n\000,\000\040\000w\000r\000i\000t\000e\000\040\004\070\000\040\000c\000l\000o\000s\000e}{chapter.4}% 24
\BOOKMARK [2][-]{subsection.4.1.1}{\376\377\004\032\004\076\004\064\000\040\004\077\004\100\004\076\004\063\004\100\004\060\004\074\004\074\004\113}{section.4.1}% 25
\BOOKMARK [2][-]{subsection.4.1.2}{\376\377\004\040\004\065\004\067\004\103\004\073\004\114\004\102\004\060\004\102\000\040\004\100\004\060\004\061\004\076\004\102\004\113\000\040\004\077\004\100\004\076\004\063\004\100\004\060\004\074\004\074\004\113}{section.4.1}% 26
\BOOKMARK [1][-]{section.4.2}{\376\377\004\020\004\075\004\060\004\073\004\070\004\067\000\040\004\100\004\060\004\061\004\076\004\102\004\113\000\040\004\077\004\100\004\076\004\063\004\100\004\060\004\074\004\074\004\113}{chapter.4}% 27
\BOOKMARK [1][-]{section.4.3}{\376\377\004\041\004\105\004\065\004\074\004\060\000\040\004\101\004\062\004\117\004\067\004\070\000\040\004\101\004\102\004\100\004\103\004\072\004\102\004\103\004\100}{chapter.4}% 28
\BOOKMARK [1][-]{section.4.4}{\376\377\004\022\004\060\004\100\004\070\004\060\004\075\004\102\000\040\004\077\004\100\004\076\004\063\004\100\004\060\004\074\004\074\004\113\000\040\004\101\000\040\000f\000o\000p\000e\000n\000,\000\040\000f\000p\000r\000i\000n\000t\000f\000\040\004\070\000\040\000f\000c\000l\000o\000s\000e}{chapter.4}% 29
\BOOKMARK [2][-]{subsection.4.4.1}{\376\377\004\032\004\076\004\064\000\040\004\077\004\100\004\076\004\063\004\100\004\060\004\074\004\074\004\113}{section.4.4}% 30
\BOOKMARK [2][-]{subsection.4.4.2}{\376\377\004\040\004\065\004\067\004\103\004\073\004\114\004\102\004\060\004\102\000\040\004\100\004\060\004\061\004\076\004\102\004\113\000\040\004\077\004\100\004\076\004\063\004\100\004\060\004\074\004\074\004\113}{section.4.4}% 31
\BOOKMARK [2][-]{subsection.4.4.3}{\376\377\004\020\004\075\004\060\004\073\004\070\004\067\000\040\004\100\004\060\004\061\004\076\004\102\004\113\000\040\004\077\004\100\004\076\004\063\004\100\004\060\004\074\004\074\004\113}{section.4.4}% 32
\BOOKMARK [2][-]{subsection.4.4.4}{\376\377\004\041\004\105\004\065\004\074\004\060\000\040\004\101\004\062\004\117\004\067\004\070\000\040\004\101\004\102\004\100\004\103\004\072\004\102\004\103\004\100}{section.4.4}% 33
